GnuCOBOL 3.1.2.0        c:\desenv\COBOL\tuto Thu Nov 24 21:47:22 2022  Page 0001

LINE    PG/LN  A...B............................................................

000001         IDENTIFICATION DIVISION.
000002         PROGRAM-ID. SRMINIMAL.
000003         DATA DIVISION.
000004         WORKING-STORAGE SECTION.
000005         LINKAGE SECTION.
000006         01 WK-PARM.
000007            03 WK-PARM-LEN PIC S9(04) COMP.
000008            03 WK-PARM-TXT PIC X(10).
000009         PROCEDURE DIVISION USING WK-PARM.
000010             DISPLAY 'SRMINIMAL.cbl - INICIO'
000011             DISPLAY 'TAMANHO: ' WK-PARM-LEN
000012             DISPLAY 'TEXTO  : ' WK-PARM-TXT
000013             DISPLAY 'SRMINIMAL.cbl - FIM'
000014             .
warning: line not terminated by a newline
GnuCOBOL 3.1.2.0        c:\desenv\COBOL\tuto Thu Nov 24 21:47:22 2022  Page 0002

SIZE  TYPE           LVL  NAME                           PICTURE

      LINKAGE SECTION

00012 GROUP          01   WK-PARM
00002 NUMERIC        03   WK-PARM-LEN                    S9(04) COMP
00010 ALPHANUMERIC   03   WK-PARM-TXT                    X(10)

GnuCOBOL 3.1.2.0        c:\desenv\COBOL\tuto Thu Nov 24 21:47:22 2022  Page 0003

NAME                           DEFINED                REFERENCES


WK-PARM                        6       *9                              x1
WK-PARM-LEN                    7        11                             x1
WK-PARM-TXT                    8        12                             x1

GnuCOBOL 3.1.2.0        c:\desenv\COBOL\tuto Thu Nov 24 21:47:22 2022  Page 0004

LABEL                          DEFINED                REFERENCES

E SRMINIMAL                    9

GnuCOBOL 3.1.2.0        c:\desenv\COBOL\tuto Thu Nov 24 21:47:22 2022  Page 0005

Error/Warning summary:

c:\desenv\COBOL\tutorial\SRMINIMAL.cbl:14: warning: line not terminated by a newline

1 warning in compilation group
0 errors in compilation group
